[2026-06-09 18:24:17] Teste de log
[2026-06-09 18:24:17] Segunda mensagem
[2026-06-10 05:50:03] CADASTRO: B001 - Arroz
[2026-06-10 05:50:03] CADASTRO: A001 - Feijão
[2026-06-10 06:00:36] CADASTRO: B001 - Arroz
[2026-06-10 06:00:36] CADASTRO: A001 - Feijão
[2026-06-10 06:00:36] CADASTRO: C001 - Água
[2026-06-10 06:06:05] CADASTRO: B001 - Arroz
[2026-06-10 06:06:05] CADASTRO: A001 - Feijão
[2026-06-10 06:06:05] CADASTRO: C001 - Água
[2026-06-10 06:06:30] CADASTRO: B001 - Arroz
[2026-06-10 06:06:30] CADASTRO: A001 - Feijão
[2026-06-10 06:06:30] CADASTRO: C001 - Água
[2026-06-10 07:01:51] CADASTRO: B001 - Arroz
[2026-06-10 07:01:51] CADASTRO: A001 - Feijão
[2026-06-10 07:01:51] CADASTRO: C001 - Água
[2026-06-10 07:07:07] CADASTRO: B001 - Arroz Branco
[2026-06-10 07:07:07] CADASTRO: A001 - Feijão Carioca
[2026-06-10 07:07:07] CADASTRO: C001 - Água Mineral
[2026-06-10 07:07:07] EDICAO: B001 - Arroz Branco
[2026-06-10 07:07:07] REMOCAO: A001 - Feijão Carioca
[2026-06-10 07:09:37] CADASTRO: B001 - Arroz Branco
[2026-06-10 07:09:37] CADASTRO: A001 - Feijão Carioca
[2026-06-10 07:09:37] CADASTRO: C001 - Água Mineral
[2026-06-10 07:09:37] EDICAO: B001 - Arroz Branco
[2026-06-10 07:09:37] REMOCAO: A001 - Feijão Carioca
[2026-06-10 07:58:22] CADASTRO: B001 - Arroz Branco
[2026-06-10 07:58:22] CADASTRO: A001 - Feijão Carioca
[2026-06-10 07:58:22] CADASTRO: C001 - Água Mineral
[2026-06-10 07:58:22] CADASTRO: D001 - Suco de Uva
[2026-06-10 07:58:22] VENDA: B001 - Arroz Branco | Qtd: 3 | Estoque restante: 7
[2026-06-10 08:00:13] CADASTRO: B001 - Arroz Branco
[2026-06-10 08:00:13] CADASTRO: A001 - Feijão Carioca
[2026-06-10 17:46:55] CADASTRO: 12345 - batata
[2026-06-10 17:55:01] CADASTRO: A003 - chocolate
[2026-06-10 17:55:56] EDICAO: A003 - chocolate_milka
[2026-06-10 17:57:40] REMOCAO: 12345 - batata
[2026-06-10 18:03:54] REMOCAO: A003 - chocolate_milka
